src/components/views/PatientOverview.tsx(5,2): error TS1434: Unexpected keyword or identifier.
src/components/views/PatientOverview.tsx(457,526): error TS1381: Unexpected token. Did you mean `{'}'}` or `&rbrace;`?
src/components/views/PatientOverview.tsx(457,580): error TS1382: Unexpected token. Did you mean `{'>'}` or `&gt;`?
src/components/views/PatientOverview.tsx(502,531): error TS1381: Unexpected token. Did you mean `{'}'}` or `&rbrace;`?
src/components/views/PatientOverview.tsx(502,583): error TS1382: Unexpected token. Did you mean `{'>'}` or `&gt;`?
src/components/views/PatientRegistrationModal.tsx(160,17): error TS1005: ')' expected.
src/components/views/PatientRegistrationModal.tsx(161,14): error TS1381: Unexpected token. Did you mean `{'}'}` or `&rbrace;`?
src/components/views/PatientRegistrationModal.tsx(163,9): error TS1005: ')' expected.
src/components/views/PatientRegistrationModal.tsx(164,5): error TS1109: Expression expected.
src/components/views/PatientRegistrationModal.tsx(164,7): error TS1128: Declaration or statement expected.
